  libglpk.so.40: cannot open shared object file: No such file or directory
ERROR: lazy loading failed for package ‘scMAGeCK’
* removing ‘/usr/local/lib/R/site-library/scMAGeCK’
cat: SDAMS.out: No such file or directory
cat: SeqSQC.out: No such file or directory
cat: SeqVarTools.out: No such file or directory
cat: SIAMCAT.out: No such file or directory
cat: SICtools.out: No such file or directory
cat: sigFeature.out: No such file or directory
cat: SIM.out: No such file or directory
cat: SimFFPE.out: No such file or directory
cat: simpleaffy.out: No such file or directory
cat: simplifyEnrichment.out: No such file or directory
cat: simulatorZ.out: No such file or directory
cat: SingleCellExperiment.out: No such file or directory
cat: SingleR.out: No such file or directory
cat: singscore.out: No such file or directory
cat: slinky.out: No such file or directory
cat: snapcount.out: No such file or directory
cat: SpacePAC.out: No such file or directory
cat: SpatialCPie.out: No such file or directory
cat: splineTimeR.out: No such file or directory
cat: spqn.out: No such file or directory
cat: sRACIPE.out: No such file or directory
Bioconductor version 3.12 (BiocManager 1.30.10), ?BiocManager::install for help
* installing *source* package ‘SRGnet’ ...
** using staged installation
** R
** data
*** moving datasets to lazyload DB
** inst
** byte-compile and prepare package for lazy loading
Bioconductor version 3.12 (BiocManager 1.30.10), ?BiocManager::install for help
Error: package or namespace load failed for ‘igraph’ in dyn.load(file, DLLpath = DLLpath, ...):
 unable to load shared object '/usr/local/lib/R/site-library/igraph/libs/igraph.so':
  libglpk.so.40: cannot open shared object file: No such file or directory
Error: package ‘igraph’ could not be loaded
Execution halted
ERROR: lazy loading failed for package ‘SRGnet’
* removing ‘/usr/local/lib/R/site-library/SRGnet’
cat: ssviz.out: No such file or directory
cat: stageR.out: No such file or directory
cat: struct.out: No such file or directory
cat: SubCellBarCode.out: No such file or directory
cat: SummarizedBenchmark.out: No such file or directory
cat: sva.out: No such file or directory
cat: synapter.out: No such file or directory
cat: SynExtend.out: No such file or directory
cat: TCGAbiolinks.out: No such file or directory
cat: TEQC.out: No such file or directory
cat: TFutils.out: No such file or directory
cat: tilingArray.out: No such file or directory
cat: TissueEnrich.out: No such file or directory
cat: TOAST.out: No such file or directory
cat: ToPASeq.out: No such file or directory
cat: topdownr.out: No such file or directory
cat: tracktables.out: No such file or directory
cat: transcriptogramer.out: No such file or directory
cat: tRanslatome.out: No such file or directory
cat: Trendy.out: No such file or directory
cat: tRNA.out: No such file or directory
cat: TTMap.out: No such file or directory
cat: webbioc.out: No such file or directory
cat: weitrix.out: No such file or directory
cat: wpm.out: No such file or directory
cat: xcms.out: No such file or directory
cat: yamss.out: No such file or directory
cat: zFPKM.out: No such file or directory
cat: curatedTCGAData.out: No such file or directory
Bioconductor version 3.12 (BiocManager 1.30.10), ?BiocManager::install for help
ERROR: unable to create ‘/usr/local/lib/R/site-library/factoextra’
cat: mvoutlier.out: No such file or directory
cat: faahKO.out: No such file or directory
cat: SmartSVA.out: No such file or directory
cat: OMICsPCAdata.out: No such file or directory
cat: a4Classif.out: No such file or directory
cat: ACE.out: No such file or directory
cat: ADAMgui.out: No such file or directory
cat: adductomicsR.out: No such file or directory
cat: AffiXcan.out: No such file or directory
cat: affylmGUI.out: No such file or directory
cat: affyQCReport.out: No such file or directory
cat: Anaquin.out: No such file or directory
cat: AneuFinder.out: No such file or directory
cat: animalcules.out: No such file or directory
cat: anota2seq.out: No such file or directory
cat: arrayQualityMetrics.out: No such file or directory
cat: ASSIGN.out: No such file or directory
cat: BaalChIP.out: No such file or directory
cat: BasicSTARRseq.out: No such file or directory
cat: bayNorm.out: No such file or directory
cat: BEARscc.out: No such file or directory
cat: BioMM.out: No such file or directory
cat: BioNetStat.out: No such file or directory
cat: biotmle.out: No such file or directory
cat: BLMA.out: No such file or directory
cat: bnbc.out: No such file or directory
cat: breakpointR.out: No such file or directory
cat: CAMERA.out: No such file or directory
cat: CARNIVAL.out: No such file or directory
cat: ccfindR.out: No such file or directory
cat: CCPROMISE.out: No such file or directory
cat: CellBench.out: No such file or directory
cat: cellHTS2.out: No such file or directory
cat: CellTrails.out: No such file or directory
cat: cghMCR.out: No such file or directory
cat: CHETAH.out: No such file or directory
cat: ChIC.out: No such file or directory
cat: chromstaR.out: No such file or directory
cat: ClassifyR.out: No such file or directory
cat: cliqueMS.out: No such file or directory
cat: clustifyr.out: No such file or directory
cat: cn.mops.out: No such file or directory
cat: CNVPanelizer.out: No such file or directory
cat: CNVRanger.out: No such file or directory
cat: CoGAPS.out: No such file or directory
cat: consensusOV.out: No such file or directory
cat: corral.out: No such file or directory
cat: countsimQC.out: No such file or directory
cat: CrispRVariants.out: No such file or directory
cat: crlmm.out: No such file or directory
cat: cydar.out: No such file or directory
cat: cytomapper.out: No such file or directory
cat: CytoML.out: No such file or directory
cat: DEComplexDisease.out: No such file or directory
cat: DEFormats.out: No such file or directory
cat: DEGreport.out: No such file or directory
cat: deltaCaptureC.out: No such file or directory
cat: destiny.out: No such file or directory
cat: DEsubs.out: No such file or directory
cat: DEWSeq.out: No such file or directory
cat: DEXSeq.out: No such file or directory
cat: diffcoexp.out: No such file or directory
cat: distinct.out: No such file or directory
cat: dittoSeq.out: No such file or directory
cat: doppelgangR.out: No such file or directory
cat: edge.out: No such file or directory
cat: EGSEA.out: No such file or directory
cat: eisa.out: No such file or directory
cat: EnrichmentBrowser.out: No such file or directory
cat: enrichplot.out: No such file or directory
cat: epiNEM.out: No such file or directory
cat: ERSSA.out: No such file or directory
cat: evaluomeR.out: No such file or directory
cat: fastLiquidAssociation.out: No such file or directory
cat: FunChIP.out: No such file or directory
cat: GeneAccord.out: No such file or directory
cat: GeneBreak.out: No such file or directory
cat: GENESIS.out: No such file or directory
cat: GeneTonic.out: No such file or directory
cat: GenoGAM.out: No such file or directory
cat: GISPA.out: No such file or directory
cat: GOpro.out: No such file or directory
cat: GOstats.out: No such file or directory
cat: GWENA.out: No such file or directory
cat: HCAMatrixBrowser.out: No such file or directory
cat: HiCcompare.out: No such file or directory
cat: hipathia.out: No such file or directory
cat: HIPPO.out: No such file or directory
cat: HTSFilter.out: No such file or directory
cat: infercnv.out: No such file or directory
cat: interactiveDisplay.out: No such file or directory
cat: iSEE.out: No such file or directory
cat: IsoGeneGUI.out: No such file or directory
cat: KnowSeq.out: No such file or directory
cat: LineagePulse.out: No such file or directory
cat: LinkHD.out: No such file or directory
cat: LymphoSeq.out: No such file or directory
Bioconductor version 3.12 (BiocManager 1.30.10), ?BiocManager::install for help
* installing *source* package ‘M3Drop’ ...
** using staged installation
** R
** inst
** byte-compile and prepare package for lazy loading
Bioconductor version 3.12 (BiocManager 1.30.10), ?BiocManager::install for help
Error in lazyLoadDBinsertVariable(vars[i], from, datafile, ascii, compress,  : 
  write failed
Calls: <Anonymous> ... code2LazyLoadDB -> makeLazyLoadDB -> lazyLoadDBinsertVariable
Execution halted
ERROR: lazy loading failed for package ‘M3Drop’
* removing ‘/usr/local/lib/R/site-library/M3Drop’
cat: MAST.out: No such file or directory
cat: mbkmeans.out: No such file or directory
cat: mBPCR.out: No such file or directory
cat: MCbiclust.out: No such file or directory
cat: MDTS.out: No such file or directory
cat: Metab.out: No such file or directory
cat: MicrobiotaProcess.out: No such file or directory
cat: mirIntegrator.out: No such file or directory
cat: missRows.out: No such file or directory
cat: MLSeq.out: No such file or directory
cat: MODA.out: No such file or directory
cat: MOFA.out: No such file or directory
cat: MOMA.out: No such file or directory
cat: mosaics.out: No such file or directory
cat: msmsTests.out: No such file or directory
cat: MSstatsQCgui.out: No such file or directory
cat: NBAMSeq.out: No such file or directory
cat: ncGTW.out: No such file or directory
cat: netboost.out: No such file or directory
cat: netDx.out: No such file or directory
Bioconductor version 3.12 (BiocManager 1.30.10), ?BiocManager::install for help
* installing *source* package ‘NetSAM’ ...
** using staged installation
** R
** data
** inst
** byte-compile and prepare package for lazy loading
Bioconductor version 3.12 (BiocManager 1.30.10), ?BiocManager::install for help
Error: package or namespace load failed for ‘igraph’ in dyn.load(file, DLLpath = DLLpath, ...):
 unable to load shared object '/usr/local/lib/R/site-library/igraph/libs/igraph.so':
  libglpk.so.40: cannot open shared object file: No such file or directory
Error: package ‘igraph’ could not be loaded
Execution halted
ERROR: lazy loading failed for package ‘NetSAM’
* removing ‘/usr/local/lib/R/site-library/NetSAM’
cat: NormalyzerDE.out: No such file or directory
cat: oligo.out: No such file or directory
cat: omicplotR.out: No such file or directory
cat: omicsPrint.out: No such file or directory
cat: openPrimeRui.out: No such file or directory
cat: oppar.out: No such file or directory
cat: optimalFlow.out: No such file or directory
cat: PAA.out: No such file or directory
cat: padma.out: No such file or directory
cat: PanVizGenerator.out: No such file or directory
cat: PathoStat.out: No such file or directory
cat: PECA.out: No such file or directory
cat: phantasus.out: No such file or directory
cat: PharmacoGx.out: No such file or directory
cat: phenoTest.out: No such file or directory
cat: philr.out: No such file or directory
cat: PhyloProfile.out: No such file or directory
cat: PICS.out: No such file or directory
cat: Pigengene.out: No such file or directory
cat: ppiStats.out: No such file or directory
cat: prebs.out: No such file or directory
cat: proBatch.out: No such file or directory
cat: pRoloc.out: No such file or directory
cat: PROPS.out: No such file or directory
cat: psygenet2r.out: No such file or directory
cat: pwrEWAS.out: No such file or directory
cat: qsmooth.out: No such file or directory
cat: QuartPAC.out: No such file or directory
cat: RadioGx.out: No such file or directory
cat: ramwas.out: No such file or directory
cat: Rcade.out: No such file or directory
cat: RcisTarget.out: No such file or directory
cat: RcwlPipelines.out: No such file or directory
cat: RefPlus.out: No such file or directory
cat: Risa.out: No such file or directory
cat: RITAN.out: No such file or directory
cat: rnaSeqMap.out: No such file or directory
cat: ROCpAI.out: No such file or directory
cat: ropls.out: No such file or directory
cat: RTNduals.out: No such file or directory
cat: rtracklayer.out: No such file or directory
cat: SBGNview.out: No such file or directory
cat: SC3.out: No such file or directory
cat: scAlign.out: No such file or directory
cat: scds.out: No such file or directory
cat: scGPS.out: No such file or directory
cat: schex.out: No such file or directory
cat: scHOT.out: No such file or directory
cat: scmap.out: No such file or directory
cat: SCnorm.out: No such file or directory
cat: scry.out: No such file or directory
cat: scuttle.out: No such file or directory
cat: seq2pathway.out: No such file or directory
cat: sesame.out: No such file or directory
cat: SEtools.out: No such file or directory
cat: ShortRead.out: No such file or directory
cat: SigCheck.out: No such file or directory
cat: SimBindProfiles.out: No such file or directory
cat: SISPA.out: No such file or directory
cat: sitePath.out: No such file or directory
cat: slalom.out: No such file or directory
cat: SLGI.out: No such file or directory
cat: slingshot.out: No such file or directory
cat: snapCGH.out: No such file or directory
cat: SPsimSeq.out: No such file or directory
cat: ssPATHS.out: No such file or directory
cat: structToolbox.out: No such file or directory
cat: switchde.out: No such file or directory
cat: TarSeqQC.out: No such file or directory
cat: TCC.out: No such file or directory
cat: TCseq.out: No such file or directory
cat: tenXplore.out: No such file or directory
cat: TimeSeriesExperiment.out: No such file or directory
cat: TIN.out: No such file or directory
cat: TNBC.CMS.out: No such file or directory
cat: ToxicoGx.out: No such file or directory
cat: TreeSummarizedExperiment.out: No such file or directory
cat: trigger.out: No such file or directory
cat: tRNAdbImport.out: No such file or directory
cat: TxRegInfra.out: No such file or directory
cat: universalmotif.out: No such file or directory
cat: uSORT.out: No such file or directory
cat: VariantExperiment.out: No such file or directory
cat: VegaMC.out: No such file or directory
cat: vidger.out: No such file or directory
cat: waddR.out: No such file or directory
cat: yaqcaffy.out: No such file or directory
cat: zinbwave.out: No such file or directory
cat: chipenrich.data.out: No such file or directory
cat: pd.mapping50k.xba240.out: No such file or directory
cat: a4.out: No such file or directory
cat: ADaCGH2.out: No such file or directory
cat: AMARETTO.out: No such file or directory
cat: amplican.out: No such file or directory
cat: ArrayExpress.out: No such file or directory
cat: ArrayExpressHTS.out: No such file or directory
cat: artMS.out: No such file or directory
cat: ASICS.out: No such file or directory
cat: attract.out: No such file or directory
cat: ballgown.out: No such file or directory
cat: basecallQC.out: No such file or directory
cat: batchelor.out: No such file or directory
cat: BatchQC.out: No such file or directory
cat: BiocSet.out: No such file or directory
cat: biosigner.out: No such file or directory
cat: BiSeq.out: No such file or directory
cat: BRGenomics.out: No such file or directory
cat: BSgenome.out: No such file or directory
cat: canceR.out: No such file or directory
cat: categoryCompare.out: No such file or directory
cat: celaref.out: No such file or directory
cat: cellity.out: No such file or directory
cat: chipseq.out: No such file or directory
cat: ChIPseqR.out: No such file or directory
cat: ChIPsim.out: No such file or directory
cat: ChromHeatMap.out: No such file or directory
cat: chromswitch.out: No such file or directory
cat: clusterExperiment.out: No such file or directory
cat: clusterProfiler.out: No such file or directory
cat: cn.farms.out: No such file or directory
cat: CNEr.out: No such file or directory
cat: CONFESS.out: No such file or directory
cat: consensusSeekeR.out: No such file or directory
cat: coseq.out: No such file or directory
cat: cosmiq.out: No such file or directory
cat: CoverageView.out: No such file or directory
cat: crossmeta.out: No such file or directory
cat: ctgGEM.out: No such file or directory
cat: dada2.out: No such file or directory
cat: DeepBlueR.out: No such file or directory
cat: diffloop.out: No such file or directory
cat: DiscoRhythm.out: No such file or directory
cat: DMCFB.out: No such file or directory
cat: DMCHMM.out: No such file or directory
Bioconductor version 3.12 (BiocManager 1.30.10), ?BiocManager::install for help
ERROR: dependency ‘d3heatmap’ is not available for package ‘Doscheda’
* removing ‘/usr/local/lib/R/site-library/Doscheda’
cat: DropletUtils.out: No such file or directory
cat: EGAD.out: No such file or directory
cat: ENCODExplorer.out: No such file or directory
cat: ExCluster.out: No such file or directory
cat: ExpressionView.out: No such file or directory
cat: FastqCleaner.out: No such file or directory
cat: flagme.out: No such file or directory
cat: FlowSOM.out: No such file or directory
cat: frma.out: No such file or directory
cat: GateFinder.out: No such file or directory
cat: geneXtendeR.out: No such file or directory
cat: GenomicFeatures.out: No such file or directory
cat: gespeR.out: No such file or directory
cat: girafe.out: No such file or directory
cat: glmSparseNet.out: No such file or directory
cat: GmicR.out: No such file or directory
cat: groHMM.out: No such file or directory
cat: GSEABenchmarkeR.out: No such file or directory
cat: HiTC.out: No such file or directory
cat: IdeoViz.out: No such file or directory
cat: imageHTS.out: No such file or directory
cat: ImmuneSpaceR.out: No such file or directory
cat: InTAD.out: No such file or directory
cat: IONiseR.out: No such file or directory
cat: IPO.out: No such file or directory
cat: iSEEu.out: No such file or directory
cat: isomiRs.out: No such file or directory
cat: ivygapSE.out: No such file or directory
cat: lipidr.out: No such file or directory
cat: LOBSTAHS.out: No such file or directory
cat: LoomExperiment.out: No such file or directory
cat: MACPET.out: No such file or directory
cat: MAIT.out: No such file or directory
cat: meshes.out: No such file or directory
cat: metagene2.out: No such file or directory
cat: metaMS.out: No such file or directory
cat: methylKit.out: No such file or directory
cat: MIGSA.out: No such file or directory
cat: mimager.out: No such file or directory
cat: miRLAB.out: No such file or directory
cat: MotifDb.out: No such file or directory
cat: multiHiCcompare.out: No such file or directory
cat: nanotatoR.out: No such file or directory
cat: ngsReports.out: No such file or directory
cat: normr.out: No such file or directory
cat: nucleR.out: No such file or directory
cat: omicRexposome.out: No such file or directory
cat: OTUbase.out: No such file or directory
cat: panelcn.mops.out: No such file or directory
cat: PAST.out: No such file or directory
cat: pcaExplorer.out: No such file or directory
cat: PCpheno.out: No such file or directory
cat: pdInfoBuilder.out: No such file or directory
cat: phemd.out: No such file or directory
cat: PloGO2.out: No such file or directory
cat: plyranges.out: No such file or directory
cat: pram.out: No such file or directory
cat: proFIA.out: No such file or directory
cat: projectR.out: No such file or directory
cat: pRolocGUI.out: No such file or directory
cat: puma.out: No such file or directory
cat: r3Cseq.out: No such file or directory
cat: RDAVIDWebService.out: No such file or directory
cat: ReactomePA.out: No such file or directory
cat: RGMQL.out: No such file or directory
cat: RNAinteract.out: No such file or directory
cat: roar.out: No such file or directory
cat: rqt.out: No such file or directory
cat: RSVSim.out: No such file or directory
cat: RTNsurvival.out: No such file or directory
cat: SCAN.UPC.out: No such file or directory
cat: SCANVIS.out: No such file or directory
cat: scater.out: No such file or directory
cat: scBFA.out: No such file or directory
cat: scMerge.out: No such file or directory
cat: scran.out: No such file or directory
cat: scTGIF.out: No such file or directory
cat: segmentSeq.out: No such file or directory
cat: seqsetvis.out: No such file or directory
cat: sevenC.out: No such file or directory
cat: SpectralTAD.out: No such file or directory
cat: staRank.out: No such file or directory
cat: survtype.out: No such file or directory
cat: TADCompare.out: No such file or directory
cat: TBSignatureProfiler.out: No such file or directory
cat: tradeSeq.out: No such file or directory
cat: tscR.out: No such file or directory
cat: TSRchitect.out: No such file or directory
cat: ViSEAGO.out: No such file or directory
cat: wiggleplotr.out: No such file or directory
cat: Xeva.out: No such file or directory
cat: TxDb.Hsapiens.UCSC.hg19.knownGene.out: No such file or directory
cat: TxDb.Hsapiens.UCSC.hg38.knownGene.out: No such file or directory
cat: BSgenome.Hsapiens.UCSC.hg19.out: No such file or directory
cat: SNPlocs.Hsapiens.dbSNP144.GRCh37.out: No such file or directory
cat: XtraSNPlocs.Hsapiens.dbSNP144.GRCh37.out: No such file or directory
cat: MafDb.1Kgenomes.phase3.hs37d5.out: No such file or directory
cat: MafDb.ExAC.r1.0.hs37d5.out: No such file or directory
cat: MafDb.gnomADex.r2.1.hs37d5.out: No such file or directory
cat: BSgenome.Ecoli.NCBI.20080805.out: No such file or directory
cat: BSgenome.Hsapiens.UCSC.hg38.out: No such file or directory
cat: BSgenome.Mmusculus.UCSC.mm9.out: No such file or directory
cat: TxDb.Hsapiens.UCSC.hg18.knownGene.out: No such file or directory
cat: TxDb.Mmusculus.UCSC.mm10.knownGene.out: No such file or directory
cat: TxDb.Mmusculus.UCSC.mm9.knownGene.out: No such file or directory
cat: TxDb.Rnorvegicus.UCSC.rn4.ensGene.out: No such file or directory
cat: TxDb.Celegans.UCSC.ce6.ensGene.out: No such file or directory
cat: TxDb.Dmelanogaster.UCSC.dm3.ensGene.out: No such file or directory
cat: BSgenome.Drerio.UCSC.danRer7.out: No such file or directory
cat: BSgenome.Mmusculus.UCSC.mm10.out: No such file or directory
cat: geneLenDataBase.out: No such file or directory
cat: TxDb.Dmelanogaster.UCSC.dm6.ensGene.out: No such file or directory
cat: phastCons100way.UCSC.hg38.out: No such file or directory
cat: phastCons100way.UCSC.hg19.out: No such file or directory
cat: BSgenome.Celegans.UCSC.ce2.out: No such file or directory
cat: BSgenome.Hsapiens.1000genomes.hs37d5.out: No such file or directory
cat: BSgenome.Hsapiens.UCSC.hg18.out: No such file or directory
cat: alpine.out: No such file or directory
cat: BASiCS.out: No such file or directory
cat: BEAT.out: No such file or directory
cat: BgeeCall.out: No such file or directory
cat: bioCancer.out: No such file or directory
cat: BiocOncoTK.out: No such file or directory
cat: bsseq.out: No such file or directory
cat: bumphunter.out: No such file or directory
cat: CAGEr.out: No such file or directory
cat: casper.out: No such file or directory
cat: CATALYST.out: No such file or directory
cat: celda.out: No such file or directory
cat: CellMixS.out: No such file or directory
cat: CEMiTool.out: No such file or directory
cat: CeTF.out: No such file or directory
cat: ChIPanalyser.out: No such file or directory
cat: chipenrich.out: No such file or directory
cat: ChIPXpress.out: No such file or directory
cat: CiteFuse.out: No such file or directory
cat: CopywriteR.out: No such file or directory
cat: cpvSNP.out: No such file or directory
cat: CRISPRseek.out: No such file or directory
cat: csaw.out: No such file or directory
cat: CSSQ.out: No such file or directory
cat: cytofast.out: No such file or directory
cat: CytoTree.out: No such file or directory
cat: DAPAR.out: No such file or directory
cat: debrowser.out: No such file or directory
cat: DegNorm.out: No such file or directory
cat: diffcyt.out: No such file or directory
cat: dpeak.out: No such file or directory
cat: DrugVsDisease.out: No such file or directory
cat: EDASeq.out: No such file or directory
cat: eegc.out: No such file or directory
cat: eiR.out: No such file or directory
cat: eisaR.out: No such file or directory
cat: ensembldb.out: No such file or directory
cat: epihet.out: No such file or directory
cat: EpiTxDb.out: No such file or directory
cat: exomePeak2.out: No such file or directory
cat: fcoex.out: No such file or directory
cat: flowSpy.out: No such file or directory
cat: FRASER.out: No such file or directory
cat: gcapc.out: No such file or directory
cat: GDCRNATools.out: No such file or directory
cat: geneAttribution.out: No such file or directory
cat: genomation.out: No such file or directory
cat: gmoviz.out: No such file or directory
cat: GOTHiC.out: No such file or directory
cat: GreyListChIP.out: No such file or directory
cat: Guitar.out: No such file or directory
cat: gwascat.out: No such file or directory
cat: hiAnnotator.out: No such file or directory
cat: IntEREst.out: No such file or directory
cat: IsoformSwitchAnalyzeR.out: No such file or directory
cat: ITALICS.out: No such file or directory
cat: IVAS.out: No such file or directory
cat: MAGeCKFlute.out: No such file or directory
cat: mcaGUI.out: No such file or directory
cat: MEDIPS.out: No such file or directory
cat: MetaCyto.out: No such file or directory
cat: methInheritSim.out: No such file or directory
cat: methrix.out: No such file or directory
cat: methylInheritance.out: No such file or directory
cat: MethylSeekR.out: No such file or directory
cat: miRspongeR.out: No such file or directory
cat: MMDiff2.out: No such file or directory
cat: MoonlightR.out: No such file or directory
cat: muscat.out: No such file or directory
cat: mygene.out: No such file or directory
cat: netboxr.out: No such file or directory
cat: netSmooth.out: No such file or directory
cat: NoRCE.out: No such file or directory
cat: ORFik.out: No such file or directory
cat: Organism.dplyr.out: No such file or directory
cat: OrganismDbi.out: No such file or directory
cat: OUTRIDER.out: No such file or directory
cat: peco.out: No such file or directory
cat: pipeComp.out: No such file or directory
cat: pipeFrame.out: No such file or directory
cat: podkat.out: No such file or directory
cat: proBAMr.out: No such file or directory
cat: qpgraph.out: No such file or directory
cat: qsea.out: No such file or directory
cat: recoup.out: No such file or directory
cat: regioneR.out: No such file or directory
cat: Repitools.out: No such file or directory
cat: rGADEM.out: No such file or directory
cat: RJMCMCNucleosomes.out: No such file or directory
cat: RNAprobR.out: No such file or directory
cat: rTRMui.out: No such file or directory
cat: scCB2.out: No such file or directory
cat: scDblFinder.out: No such file or directory
cat: scDD.out: No such file or directory
cat: scPipe.out: No such file or directory
cat: seqplots.out: No such file or directory
cat: SGSeq.out: No such file or directory
cat: signatureSearch.out: No such file or directory
cat: SingleCellSignalR.out: No such file or directory
cat: soGGi.out: No such file or directory
cat: Spaniel.out: No such file or directory
cat: splatter.out: No such file or directory
cat: SplicingGraphs.out: No such file or directory
cat: TAPseq.out: No such file or directory
cat: TCGAutils.out: No such file or directory
cat: TFBSTools.out: No such file or directory
cat: TFEA.ChIP.out: No such file or directory
cat: transcriptR.out: No such file or directory
cat: tRNAscanImport.out: No such file or directory
cat: VariantAnnotation.out: No such file or directory
cat: vasp.out: No such file or directory
cat: wavClusteR.out: No such file or directory
cat: XBSeq.out: No such file or directory
cat: Homo.sapiens.out: No such file or directory
cat: COSMIC.67.out: No such file or directory
cat: PolyPhen.Hsapiens.dbSNP131.out: No such file or directory
cat: SIFT.Hsapiens.dbSNP137.out: No such file or directory
cat: Mus.musculus.out: No such file or directory
cat: EnsDb.Hsapiens.v86.out: No such file or directory
cat: EnsDb.Hsapiens.v75.out: No such file or directory
cat: FDb.InfiniumMethylation.hg19.out: No such file or directory
cat: AnnotationHubData.out: No such file or directory
cat: annotatr.out: No such file or directory
cat: APAlyzer.out: No such file or directory
cat: BadRegionFinder.out: No such file or directory
cat: Basic4Cseq.out: No such file or directory
cat: BBCAnalyzer.out: No such file or directory
cat: biovizBase.out: No such file or directory
cat: branchpointer.out: No such file or directory
cat: BUSpaRse.out: No such file or directory
cat: CexoR.out: No such file or directory
cat: ChIPComp.out: No such file or directory
cat: ChIPpeakAnno.out: No such file or directory
cat: ChIPseeker.out: No such file or directory
cat: ChIPSeqSpike.out: No such file or directory
cat: chromVAR.out: No such file or directory
cat: circRNAprofiler.out: No such file or directory
cat: cleanUpdTSeq.out: No such file or directory
cat: clipper.out: No such file or directory
cat: CNVrd2.out: No such file or directory
cat: CODEX.out: No such file or directory
cat: CompGO.out: No such file or directory
cat: customProDB.out: No such file or directory
cat: DAMEfinder.out: No such file or directory
cat: DaMiRseq.out: No such file or directory
cat: decompTumor2Sig.out: No such file or directory
cat: deepSNV.out: No such file or directory
cat: diffHic.out: No such file or directory
cat: DominoEffect.out: No such file or directory
cat: DSS.out: No such file or directory
cat: ensemblVEP.out: No such file or directory
cat: epivizrData.out: No such file or directory
cat: EventPointer.out: No such file or directory
cat: fCCAC.out: No such file or directory
cat: fcScan.out: No such file or directory
cat: GA4GHclient.out: No such file or directory
cat: genbankr.out: No such file or directory
cat: GenomicFiles.out: No such file or directory
cat: genotypeeval.out: No such file or directory
cat: GenVisR.out: No such file or directory
cat: gmapR.out: No such file or directory
cat: goseq.out: No such file or directory
cat: gwasurvivr.out: No such file or directory
cat: HelloRanges.out: No such file or directory
cat: HiLDA.out: No such file or directory
cat: hiReadsProcessor.out: No such file or directory
cat: icetea.out: No such file or directory
cat: igvR.out: No such file or directory
cat: IMAS.out: No such file or directory
cat: INSPEcT.out: No such file or directory
cat: MADSEQ.out: No such file or directory
cat: MatrixRider.out: No such file or directory
cat: metaseqR.out: No such file or directory
cat: minfi.out: No such file or directory
cat: MIRA.out: No such file or directory
cat: miRSM.out: No such file or directory
cat: motifmatchr.out: No such file or directory
cat: MutationalPatterns.out: No such file or directory
cat: myvariant.out: No such file or directory
cat: Prostar.out: No such file or directory
cat: PureCN.out: No such file or directory
cat: R453Plus1Toolbox.out: No such file or directory
cat: RareVariantVis.out: No such file or directory
cat: RCAS.out: No such file or directory
cat: rCGH.out: No such file or directory
cat: Rhisat2.out: No such file or directory
cat: Rmmquant.out: No such file or directory
cat: RTCGAToolbox.out: No such file or directory
cat: RUVSeq.out: No such file or directory
cat: SCOPE.out: No such file or directory
cat: scoreInvHap.out: No such file or directory
cat: seqCAT.out: No such file or directory
cat: signeR.out: No such file or directory
cat: SigsPack.out: No such file or directory
cat: singleCellTK.out: No such file or directory
cat: SNPhood.out: No such file or directory
cat: SparseSignatures.out: No such file or directory
cat: SpidermiR.out: No such file or directory
cat: strandCheckR.out: No such file or directory
cat: StructuralVariantAnnotation.out: No such file or directory
cat: systemPipeR.out: No such file or directory
cat: TitanCNA.out: No such file or directory
cat: traseR.out: No such file or directory
cat: tximeta.out: No such file or directory
cat: Ularcirc.out: No such file or directory
cat: Uniquorn.out: No such file or directory
cat: VanillaICE.out: No such file or directory
cat: VariantTools.out: No such file or directory
cat: vtpnet.out: No such file or directory
cat: XCIR.out: No such file or directory
cat: IlluminaHumanMethylation450kanno.ilmn12.hg19.out: No such file or directory
cat: IlluminaHumanMethylation450kmanifest.out: No such file or directory
cat: IlluminaHumanMethylationEPICanno.ilm10b2.hg19.out: No such file or directory
cat: IlluminaHumanMethylationEPICmanifest.out: No such file or directory
cat: FlowSorted.Blood.450k.out: No such file or directory
cat: IlluminaHumanMethylationEPICanno.ilm10b4.hg19.out: No such file or directory
cat: appreci8R.out: No such file or directory
cat: ATACseqQC.out: No such file or directory
cat: BubbleTree.out: No such file or directory
cat: cBioPortalData.out: No such file or directory
cat: chimera.out: No such file or directory
cat: ChIPexoQual.out: No such file or directory
cat: COCOA.out: No such file or directory
cat: compartmap.out: No such file or directory
cat: consensusDE.out: No such file or directory
cat: contiBAIT.out: No such file or directory
cat: derfinder.out: No such file or directory
cat: DEScan2.out: No such file or directory
cat: DiffBind.out: No such file or directory
cat: dmrseq.out: No such file or directory
cat: ENmix.out: No such file or directory
cat: enrichTF.out: No such file or directory
cat: epivizr.out: No such file or directory
cat: epivizrChart.out: No such file or directory
cat: erma.out: No such file or directory
cat: esATAC.out: No such file or directory
cat: ExperimentHubData.out: No such file or directory
cat: FunciSNP.out: No such file or directory
cat: GA4GHshiny.out: No such file or directory
cat: GARS.out: No such file or directory
cat: ggbio.out: No such file or directory
cat: gpart.out: No such file or directory
cat: gQTLBase.out: No such file or directory
cat: GSReg.out: No such file or directory
cat: GUIDEseq.out: No such file or directory
cat: Gviz.out: No such file or directory
cat: HTSeqGenie.out: No such file or directory
cat: iCNV.out: No such file or directory
cat: ideal.out: No such file or directory
cat: karyoploteR.out: No such file or directory
cat: kissDE.out: No such file or directory
cat: ldblock.out: No such file or directory
cat: MetaboSignal.out: No such file or directory
cat: metagene.out: No such file or directory
cat: metaseqR2.out: No such file or directory
cat: MethCP.out: No such file or directory
cat: MethylAid.out: No such file or directory
cat: methylSig.out: No such file or directory
cat: methylumi.out: No such file or directory
cat: methyvim.out: No such file or directory
cat: MinimumDistance.out: No such file or directory
cat: MMAPPR2.out: No such file or directory
cat: OMICsPCA.out: No such file or directory
cat: PGA.out: No such file or directory
cat: profileplyr.out: No such file or directory
cat: ProteomicsAnnotationHubData.out: No such file or directory
cat: qrqc.out: No such file or directory
cat: quantro.out: No such file or directory
cat: QuasR.out: No such file or directory
cat: REDseq.out: No such file or directory
cat: REMP.out: No such file or directory
cat: rgsepd.out: No such file or directory
cat: ribosomeProfilingQC.out: No such file or directory
cat: RNASeqR.out: No such file or directory
cat: Rqc.out: No such file or directory
cat: scmeth.out: No such file or directory
cat: scone.out: No such file or directory
cat: selectKSigs.out: No such file or directory
cat: SMITE.out: No such file or directory
cat: StarBioTrek.out: No such file or directory
cat: VCFArray.out: No such file or directory
cat: GenomicState.out: No such file or directory
cat: AllelicImbalance.out: No such file or directory
cat: ALPS.out: No such file or directory
cat: ASpediaFI.out: No such file or directory
cat: ASpli.out: No such file or directory
cat: biomvRCNS.out: No such file or directory
cat: biscuiteer.out: No such file or directory
cat: CAFE.out: No such file or directory
cat: chimeraviz.out: No such file or directory
cat: ChIPQC.out: No such file or directory
cat: cicero.out: No such file or directory
cat: coMET.out: No such file or directory
cat: conumee.out: No such file or directory
cat: CopyNumberPlots.out: No such file or directory
cat: crisprseekplus.out: No such file or directory
cat: cummeRbund.out: No such file or directory
cat: derfinderPlot.out: No such file or directory
cat: DMRforPairs.out: No such file or directory
cat: ELMER.out: No such file or directory
cat: EnMCB.out: No such file or directory
cat: epivizrStandalone.out: No such file or directory
cat: funtooNorm.out: No such file or directory
cat: GeneStructureTools.out: No such file or directory
cat: GenomicInteractions.out: No such file or directory
cat: GenomicOZone.out: No such file or directory
cat: GGtools.out: No such file or directory
cat: gQTLstats.out: No such file or directory
cat: Imetagene.out: No such file or directory
cat: InPAS.out: No such file or directory
cat: intansv.out: No such file or directory
cat: lumi.out: No such file or directory
cat: maser.out: No such file or directory
cat: mCSEA.out: No such file or directory
cat: methylCC.out: No such file or directory
cat: methylPipe.out: No such file or directory
cat: missMethyl.out: No such file or directory
cat: motifbreakR.out: No such file or directory
cat: msgbsR.out: No such file or directory
cat: multicrispr.out: No such file or directory
cat: Pi.out: No such file or directory
cat: PING.out: No such file or directory
cat: primirTSS.out: No such file or directory
cat: Pviz.out: No such file or directory
cat: R3CPET.out: No such file or directory
cat: recount.out: No such file or directory
cat: regionReport.out: No such file or directory
cat: regutools.out: No such file or directory
cat: ReportingTools.out: No such file or directory
cat: RiboProfiling.out: No such file or directory
cat: RNAmodR.out: No such file or directory
cat: RnBeads.out: No such file or directory
cat: scruff.out: No such file or directory
cat: shinyMethyl.out: No such file or directory
cat: SomaticSignatures.out: No such file or directory
cat: SPLINTER.out: No such file or directory
cat: srnadiff.out: No such file or directory
cat: STAN.out: No such file or directory
cat: trackViewer.out: No such file or directory
cat: TVTB.out: No such file or directory
cat: VariantFiltering.out: No such file or directory
cat: vulcan.out: No such file or directory
cat: yarn.out: No such file or directory
cat: affycoretools.out: No such file or directory
cat: arrayMvout.out: No such file or directory
cat: brainflowprobes.out: No such file or directory
cat: CAGEfightR.out: No such file or directory
cat: CNVfilteR.out: No such file or directory
cat: compEpiTools.out: No such file or directory
cat: DMRcate.out: No such file or directory
cat: ffpe.out: No such file or directory
cat: GeneGeneInteR.out: No such file or directory
cat: iCheck.out: No such file or directory
cat: MEAL.out: No such file or directory
cat: meshr.out: No such file or directory
cat: metavizr.out: No such file or directory
cat: methyAnalysis.out: No such file or directory
cat: methylGSA.out: No such file or directory
cat: MineICA.out: No such file or directory
cat: NADfinder.out: No such file or directory
cat: psichomics.out: No such file or directory
cat: Rariant.out: No such file or directory
cat: RNAAgeCalc.out: No such file or directory
cat: RNAmodR.AlkAnilineSeq.out: No such file or directory
cat: RNAmodR.ML.out: No such file or directory
cat: RNAmodR.RiboMethSeq.out: No such file or directory
cat: TCGAbiolinksGUI.out: No such file or directory
cat: wateRmelon.out: No such file or directory
cat: YAPSA.out: No such file or directory
cat: AgiMicroRna.out: No such file or directory
cat: bigmelon.out: No such file or directory
cat: MEAT.out: No such file or directory
cat: scTensor.out: No such file or directory
cat: skewr.out: No such file or directory

